// Jest Snapshot v1, https://goo.gl/fbAQLP

exports[`<App /> on mount renders correctly 1`] = `
Array [
  <div
    className="form-body"
  >
    <div
      className="row"
    >
      <div
        className="form-holder"
      >
        <div
          className="form-content"
        >
          <div
            className="form-items"
          >
            <h3>
              Opps!
            </h3>
            <p>
              Something went wrong
            </p>
          </div>
        </div>
      </div>
    </div>
  </div>,
  " ",
]
`;
